<?xml version="1.0" encoding="UTF-8"?>
<testsuites name="jest tests" tests="4" failures="4" errors="0" time="9.662">
  <testsuite name="StudentDetailsPage" errors="0" failures="4" skipped="0" timestamp="2024-12-01T03:56:17" time="5.515" tests="4">
    <testcase classname="StudentDetailsPage renders student details correctly" name="StudentDetailsPage renders student details correctly" time="0.16">
      <failure>TypeError: courses.find is not a function
    at StudentDetailsPage (C:\laragon\www\project7\src\pages\StudentDetailsPage.tsx:54:26)
    at renderWithHooks (C:\laragon\www\project7\node_modules\react-dom\cjs\react-dom.development.js:15486:18)
    at mountIndeterminateComponent (C:\laragon\www\project7\node_modules\react-dom\cjs\react-dom.development.js:20103:13)
    at beginWork (C:\laragon\www\project7\node_modules\react-dom\cjs\react-dom.development.js:21626:16)
    at beginWork$1 (C:\laragon\www\project7\node_modules\react-dom\cjs\react-dom.development.js:27465:14)
    at performUnitOfWork (C:\laragon\www\project7\node_modules\react-dom\cjs\react-dom.development.js:26599:12)
    at workLoopSync (C:\laragon\www\project7\node_modules\react-dom\cjs\react-dom.development.js:26505:5)
    at renderRootSync (C:\laragon\www\project7\node_modules\react-dom\cjs\react-dom.development.js:26473:7)
    at recoverFromConcurrentError (C:\laragon\www\project7\node_modules\react-dom\cjs\react-dom.development.js:25889:20)
    at performConcurrentWorkOnRoot (C:\laragon\www\project7\node_modules\react-dom\cjs\react-dom.development.js:25789:22)
    at flushActQueue (C:\laragon\www\project7\node_modules\react\cjs\react.development.js:2667:24)
    at act (C:\laragon\www\project7\node_modules\react\cjs\react.development.js:2582:11)
    at C:\laragon\www\project7\node_modules\@testing-library\react\dist\act-compat.js:47:25
    at renderRoot (C:\laragon\www\project7\node_modules\@testing-library\react\dist\pure.js:180:26)
    at render (C:\laragon\www\project7\node_modules\@testing-library\react\dist\pure.js:271:10)
    at Object.&lt;anonymous&gt; (C:\laragon\www\project7\src\pages\StudentDetailsPage.test.tsx:50:11)
    at Promise.then.completed (C:\laragon\www\project7\node_modules\jest-circus\build\utils.js:298:28)
    at new Promise (&lt;anonymous&gt;)
    at callAsyncCircusFn (C:\laragon\www\project7\node_modules\jest-circus\build\utils.js:231:10)
    at _callCircusTest (C:\laragon\www\project7\node_modules\jest-circus\build\run.js:316:40)
    at processTicksAndRejections (node:internal/process/task_queues:105:5)
    at _runTest (C:\laragon\www\project7\node_modules\jest-circus\build\run.js:252:3)
    at _runTestsForDescribeBlock (C:\laragon\www\project7\node_modules\jest-circus\build\run.js:126:9)
    at _runTestsForDescribeBlock (C:\laragon\www\project7\node_modules\jest-circus\build\run.js:121:9)
    at run (C:\laragon\www\project7\node_modules\jest-circus\build\run.js:71:3)
    at runAndTransformResultsToJestFormat (C:\laragon\www\project7\node_modules\jest-circus\build\legacy-code-todo-rewrite\jestAdapterInit.js:122:21)
    at jestAdapter (C:\laragon\www\project7\node_modules\jest-circus\build\legacy-code-todo-rewrite\jestAdapter.js:79:19)
    at runTestInternal (C:\laragon\www\project7\node_modules\jest-runner\build\runTest.js:367:16)
    at runTest (C:\laragon\www\project7\node_modules\jest-runner\build\runTest.js:444:34)</failure>
    </testcase>
    <testcase classname="StudentDetailsPage shows performance metrics editor button for teachers" name="StudentDetailsPage shows performance metrics editor button for teachers" time="0.036">
      <failure>TypeError: courses.find is not a function
    at StudentDetailsPage (C:\laragon\www\project7\src\pages\StudentDetailsPage.tsx:54:26)
    at renderWithHooks (C:\laragon\www\project7\node_modules\react-dom\cjs\react-dom.development.js:15486:18)
    at mountIndeterminateComponent (C:\laragon\www\project7\node_modules\react-dom\cjs\react-dom.development.js:20103:13)
    at beginWork (C:\laragon\www\project7\node_modules\react-dom\cjs\react-dom.development.js:21626:16)
    at beginWork$1 (C:\laragon\www\project7\node_modules\react-dom\cjs\react-dom.development.js:27465:14)
    at performUnitOfWork (C:\laragon\www\project7\node_modules\react-dom\cjs\react-dom.development.js:26599:12)
    at workLoopSync (C:\laragon\www\project7\node_modules\react-dom\cjs\react-dom.development.js:26505:5)
    at renderRootSync (C:\laragon\www\project7\node_modules\react-dom\cjs\react-dom.development.js:26473:7)
    at recoverFromConcurrentError (C:\laragon\www\project7\node_modules\react-dom\cjs\react-dom.development.js:25889:20)
    at performConcurrentWorkOnRoot (C:\laragon\www\project7\node_modules\react-dom\cjs\react-dom.development.js:25789:22)
    at flushActQueue (C:\laragon\www\project7\node_modules\react\cjs\react.development.js:2667:24)
    at act (C:\laragon\www\project7\node_modules\react\cjs\react.development.js:2582:11)
    at C:\laragon\www\project7\node_modules\@testing-library\react\dist\act-compat.js:47:25
    at renderRoot (C:\laragon\www\project7\node_modules\@testing-library\react\dist\pure.js:180:26)
    at render (C:\laragon\www\project7\node_modules\@testing-library\react\dist\pure.js:271:10)
    at Object.&lt;anonymous&gt; (C:\laragon\www\project7\src\pages\StudentDetailsPage.test.tsx:63:11)
    at Promise.then.completed (C:\laragon\www\project7\node_modules\jest-circus\build\utils.js:298:28)
    at new Promise (&lt;anonymous&gt;)
    at callAsyncCircusFn (C:\laragon\www\project7\node_modules\jest-circus\build\utils.js:231:10)
    at _callCircusTest (C:\laragon\www\project7\node_modules\jest-circus\build\run.js:316:40)
    at processTicksAndRejections (node:internal/process/task_queues:105:5)
    at _runTest (C:\laragon\www\project7\node_modules\jest-circus\build\run.js:252:3)
    at _runTestsForDescribeBlock (C:\laragon\www\project7\node_modules\jest-circus\build\run.js:126:9)
    at _runTestsForDescribeBlock (C:\laragon\www\project7\node_modules\jest-circus\build\run.js:121:9)
    at run (C:\laragon\www\project7\node_modules\jest-circus\build\run.js:71:3)
    at runAndTransformResultsToJestFormat (C:\laragon\www\project7\node_modules\jest-circus\build\legacy-code-todo-rewrite\jestAdapterInit.js:122:21)
    at jestAdapter (C:\laragon\www\project7\node_modules\jest-circus\build\legacy-code-todo-rewrite\jestAdapter.js:79:19)
    at runTestInternal (C:\laragon\www\project7\node_modules\jest-runner\build\runTest.js:367:16)
    at runTest (C:\laragon\www\project7\node_modules\jest-runner\build\runTest.js:444:34)</failure>
    </testcase>
    <testcase classname="StudentDetailsPage does not show performance metrics editor button for students" name="StudentDetailsPage does not show performance metrics editor button for students" time="0.026">
      <failure>TypeError: courses.find is not a function
    at StudentDetailsPage (C:\laragon\www\project7\src\pages\StudentDetailsPage.tsx:54:26)
    at renderWithHooks (C:\laragon\www\project7\node_modules\react-dom\cjs\react-dom.development.js:15486:18)
    at mountIndeterminateComponent (C:\laragon\www\project7\node_modules\react-dom\cjs\react-dom.development.js:20103:13)
    at beginWork (C:\laragon\www\project7\node_modules\react-dom\cjs\react-dom.development.js:21626:16)
    at beginWork$1 (C:\laragon\www\project7\node_modules\react-dom\cjs\react-dom.development.js:27465:14)
    at performUnitOfWork (C:\laragon\www\project7\node_modules\react-dom\cjs\react-dom.development.js:26599:12)
    at workLoopSync (C:\laragon\www\project7\node_modules\react-dom\cjs\react-dom.development.js:26505:5)
    at renderRootSync (C:\laragon\www\project7\node_modules\react-dom\cjs\react-dom.development.js:26473:7)
    at recoverFromConcurrentError (C:\laragon\www\project7\node_modules\react-dom\cjs\react-dom.development.js:25889:20)
    at performConcurrentWorkOnRoot (C:\laragon\www\project7\node_modules\react-dom\cjs\react-dom.development.js:25789:22)
    at flushActQueue (C:\laragon\www\project7\node_modules\react\cjs\react.development.js:2667:24)
    at act (C:\laragon\www\project7\node_modules\react\cjs\react.development.js:2582:11)
    at C:\laragon\www\project7\node_modules\@testing-library\react\dist\act-compat.js:47:25
    at renderRoot (C:\laragon\www\project7\node_modules\@testing-library\react\dist\pure.js:180:26)
    at render (C:\laragon\www\project7\node_modules\@testing-library\react\dist\pure.js:271:10)
    at Object.&lt;anonymous&gt; (C:\laragon\www\project7\src\pages\StudentDetailsPage.test.tsx:79:11)
    at Promise.then.completed (C:\laragon\www\project7\node_modules\jest-circus\build\utils.js:298:28)
    at new Promise (&lt;anonymous&gt;)
    at callAsyncCircusFn (C:\laragon\www\project7\node_modules\jest-circus\build\utils.js:231:10)
    at _callCircusTest (C:\laragon\www\project7\node_modules\jest-circus\build\run.js:316:40)
    at processTicksAndRejections (node:internal/process/task_queues:105:5)
    at _runTest (C:\laragon\www\project7\node_modules\jest-circus\build\run.js:252:3)
    at _runTestsForDescribeBlock (C:\laragon\www\project7\node_modules\jest-circus\build\run.js:126:9)
    at _runTestsForDescribeBlock (C:\laragon\www\project7\node_modules\jest-circus\build\run.js:121:9)
    at run (C:\laragon\www\project7\node_modules\jest-circus\build\run.js:71:3)
    at runAndTransformResultsToJestFormat (C:\laragon\www\project7\node_modules\jest-circus\build\legacy-code-todo-rewrite\jestAdapterInit.js:122:21)
    at jestAdapter (C:\laragon\www\project7\node_modules\jest-circus\build\legacy-code-todo-rewrite\jestAdapter.js:79:19)
    at runTestInternal (C:\laragon\www\project7\node_modules\jest-runner\build\runTest.js:367:16)
    at runTest (C:\laragon\www\project7\node_modules\jest-runner\build\runTest.js:444:34)</failure>
    </testcase>
    <testcase classname="StudentDetailsPage renders charts correctly" name="StudentDetailsPage renders charts correctly" time="0.027">
      <failure>TypeError: courses.find is not a function
    at StudentDetailsPage (C:\laragon\www\project7\src\pages\StudentDetailsPage.tsx:54:26)
    at renderWithHooks (C:\laragon\www\project7\node_modules\react-dom\cjs\react-dom.development.js:15486:18)
    at mountIndeterminateComponent (C:\laragon\www\project7\node_modules\react-dom\cjs\react-dom.development.js:20103:13)
    at beginWork (C:\laragon\www\project7\node_modules\react-dom\cjs\react-dom.development.js:21626:16)
    at beginWork$1 (C:\laragon\www\project7\node_modules\react-dom\cjs\react-dom.development.js:27465:14)
    at performUnitOfWork (C:\laragon\www\project7\node_modules\react-dom\cjs\react-dom.development.js:26599:12)
    at workLoopSync (C:\laragon\www\project7\node_modules\react-dom\cjs\react-dom.development.js:26505:5)
    at renderRootSync (C:\laragon\www\project7\node_modules\react-dom\cjs\react-dom.development.js:26473:7)
    at recoverFromConcurrentError (C:\laragon\www\project7\node_modules\react-dom\cjs\react-dom.development.js:25889:20)
    at performConcurrentWorkOnRoot (C:\laragon\www\project7\node_modules\react-dom\cjs\react-dom.development.js:25789:22)
    at flushActQueue (C:\laragon\www\project7\node_modules\react\cjs\react.development.js:2667:24)
    at act (C:\laragon\www\project7\node_modules\react\cjs\react.development.js:2582:11)
    at C:\laragon\www\project7\node_modules\@testing-library\react\dist\act-compat.js:47:25
    at renderRoot (C:\laragon\www\project7\node_modules\@testing-library\react\dist\pure.js:180:26)
    at render (C:\laragon\www\project7\node_modules\@testing-library\react\dist\pure.js:271:10)
    at Object.&lt;anonymous&gt; (C:\laragon\www\project7\src\pages\StudentDetailsPage.test.tsx:91:11)
    at Promise.then.completed (C:\laragon\www\project7\node_modules\jest-circus\build\utils.js:298:28)
    at new Promise (&lt;anonymous&gt;)
    at callAsyncCircusFn (C:\laragon\www\project7\node_modules\jest-circus\build\utils.js:231:10)
    at _callCircusTest (C:\laragon\www\project7\node_modules\jest-circus\build\run.js:316:40)
    at processTicksAndRejections (node:internal/process/task_queues:105:5)
    at _runTest (C:\laragon\www\project7\node_modules\jest-circus\build\run.js:252:3)
    at _runTestsForDescribeBlock (C:\laragon\www\project7\node_modules\jest-circus\build\run.js:126:9)
    at _runTestsForDescribeBlock (C:\laragon\www\project7\node_modules\jest-circus\build\run.js:121:9)
    at run (C:\laragon\www\project7\node_modules\jest-circus\build\run.js:71:3)
    at runAndTransformResultsToJestFormat (C:\laragon\www\project7\node_modules\jest-circus\build\legacy-code-todo-rewrite\jestAdapterInit.js:122:21)
    at jestAdapter (C:\laragon\www\project7\node_modules\jest-circus\build\legacy-code-todo-rewrite\jestAdapter.js:79:19)
    at runTestInternal (C:\laragon\www\project7\node_modules\jest-runner\build\runTest.js:367:16)
    at runTest (C:\laragon\www\project7\node_modules\jest-runner\build\runTest.js:444:34)</failure>
    </testcase>
  </testsuite>
</testsuites>